gcc -g p7final.c
 gdb a.out
GNU gdb (Ubuntu 8.1.1-0ubuntu1) 8.1.1
Copyright (C) 2018 Free Software Foundation, Inc.
License GPLv3+: GNU GPL version 3 or later <http://gnu.org/licenses/gpl.html>
This is free software: you are free to change and redistribute it.
There is NO WARRANTY, to the extent permitted by law.  Type "show copying"
and "show warranty" for details.
This GDB was configured as "x86_64-linux-gnu".
Type "show configuration" for configuration details.
For bug reporting instructions, please see:
<http://www.gnu.org/software/gdb/bugs/>.
Find the GDB manual and other documentation resources online at:
<http://www.gnu.org/software/gdb/documentation/>.
For help, type "help".
Type "apropos word" to search for commands related to "word"...
Reading symbols from a.out...done.
(gdb) b main
Breakpoint 1 at 0x828: file p7final.c, line 31.
(gdb) r
Starting program: /home/runner/pps-IA1-practice-1/a.out 
warning: Error disabling address space randomization: Operation not permitted

Breakpoint 1, main () at p7final.c:31
31    c1=input();
(gdb) s
input () at p7final.c:9
9   {
(gdb) n
11    printf("enter the real part:");
(gdb) n
12    scanf("%f",&c.real);
(gdb) n
enter the real part:2
13    printf("enter the imaginary part:");
(gdb) n
14    scanf("%f",&c.imaginary);
(gdb) n
enter the imaginary part:3
15    return c;
(gdb) n
16  }
(gdb) n
main () at p7final.c:32
32    c2=input();
(gdb) s
input () at p7final.c:9
9   {
(gdb) n
11    printf("enter the real part:");
(gdb) n
12    scanf("%f",&c.real);
(gdb) n
enter the real part:4
13    printf("enter the imaginary part:");
 
 gcc -g p8final.c
 gdb a.out
GNU gdb (Ubuntu 8.1.1-0ubuntu1) 8.1.1
Copyright (C) 2018 Free Software Foundation, Inc.
License GPLv3+: GNU GPL version 3 or later <http://gnu.org/licenses/gpl.html>
This is free software: you are free to change and redistribute it.
There is NO WARRANTY, to the extent permitted by law.  Type "show copying"
and "show warranty" for details.
This GDB was configured as "x86_64-linux-gnu".
Type "show configuration" for configuration details.
For bug reporting instructions, please see:
<http://www.gnu.org/software/gdb/bugs/>.
Find the GDB manual and other documentation resources online at:
<http://www.gnu.org/software/gdb/documentation/>.
For help, type "help".
Type "apropos word" to search for commands related to "word"...
Reading symbols from a.out...done.
(gdb) b main
Breakpoint 1 at 0xa03: file p8final.c, line 62.
(gdb) r
Starting program: /home/runner/pps-IA1-practice-1/a.out 
warning: Error disabling address space randomization: Operation not permitted

Breakpoint 1, main () at p8final.c:62
62  {
(gdb) n
63    int n=get_n();
(gdb) s
get_n () at p8final.c:8
8   {
(gdb) n
 
 gcc -g p8final.c
 gdb a.out
GNU gdb (Ubuntu 8.1.1-0ubuntu1) 8.1.1
Copyright (C) 2018 Free Software Foundation, Inc.
License GPLv3+: GNU GPL version 3 or later <http://gnu.org/licenses/gpl.html>
This is free software: you are free to change and redistribute it.
There is NO WARRANTY, to the extent permitted by law.  Type "show copying"
and "show warranty" for details.
This GDB was configured as "x86_64-linux-gnu".
Type "show configuration" for configuration details.
For bug reporting instructions, please see:
<http://www.gnu.org/software/gdb/bugs/>.
Find the GDB manual and other documentation resources online at:
<http://www.gnu.org/software/gdb/documentation/>.
For help, type "help".
Type "apropos word" to search for commands related to "word"...
Reading symbols from a.out...done.
(gdb) b main
Breakpoint 1 at 0xa03: file p8final.c, line 62.
(gdb) r
Starting program: /home/runner/pps-IA1-practice-1/a.out 
warning: Error disabling address space randomization: Operation not permitted

Breakpoint 1, main () at p8final.c:62
62  {
(gdb) n
63    int n=get_n();
(gdb) s
get_n () at p8final.c:8
8   {
(gdb) n
9     int n;printf("enter the number of complex numbers :");
(gdb) n
10    scanf("%d",&n);
(gdb) n
enter the number of complex numbers :2
11    return n;
(gdb) n
12  }
(gdb) n
main () at p8final.c:64
64    complex c[n],res;
(gdb) s
65    input_n_complex(n,c);
(gdb) n
enter the real part:2
enter any imaginary part :3
enter the real part:4
enter any imaginary part :5
66    res=add_n_complex(n,c);
(gdb) p *c@2
$1 = {{real = 2, img = 3}, {real = 4, img = 5}}
(gdb) s
add_n_complex (n=2, c=0x7ffdf801ea70) at p8final.c:39
39    res.img=0;
(gdb) n
40    res.real=0;
(gdb) n
41    for(int i=0;i<n;i++)
(gdb) n
43      res=add(res,c[i]);
(gdb) finish
Run till exit from #0  add_n_complex (n=2, 
    c=0x7ffdf801ea70) at p8final.c:43
0x00005557a1a00aaa in main () at p8final.c:66
66    res=add_n_complex(n,c);
Value returned is $2 = {real = 6, img = 8}
(gdb) n
67    output(n,c,res);
(gdb) s
output (n=2, c=0x7ffdf801ea70, result=...) at p8final.c:49
49    if(n==1)
(gdb) n
54      for(int i=0;i<n;i++)
(gdb) n
56        printf("%0.2f+%0.2fi",c[i].real,c[i].img);
(gdb) finish
Run till exit from #0  output (n=2, c=0x7ffdf801ea70, 
    result=...) at p8final.c:56
main () at p8final.c:68
68    return 0;
(gdb) n
69  }(gdb) c
Continuing.
2.00+3.00i4.00+5.00iis   6.00+8.00i[Inferior 1 (process 31) exited normally]